[screen] 1/326 H2           n=   2 MDN=0.0  1.3s (cache)  elapsed 0s
[screen] 2/326 HSE          n=   2 MDN=0.0  1.1s (cache)  elapsed 0s
[screen] 3/326 HSN          n=   2 MDN=0.0  1.1s (cache)  elapsed 0s
[screen] 4/326 HSS          n=   2 MDN=0.0  1.1s (cache)  elapsed 0s
[screen] 5/326 LC10a        n= 234 MDN=0.0  1.9s (cache)  elapsed 0s
[screen] 6/326 LC10b        n=  84 MDN=0.0  1.6s (cache)  elapsed 0s
[screen] 7/326 LC10c-1      n= 102 MDN=0.0  1.7s (cache)  elapsed 0s
[screen] 8/326 LC10c-2      n= 101 MDN=0.0  1.8s (cache)  elapsed 0s
[screen] 9/326 LC10d        n= 188 MDN=0.0  2.0s (cache)  elapsed 0s
[screen] 10/326 LC10e        n= 103 MDN=0.0  1.6s (cache)  elapsed 0s
[screen] 11/326 LC10f        n=   4 MDN=0.0  1.1s (cache)  elapsed 0s
[screen] 12/326 LC11         n= 127 MDN=0.0  2.3s (cache)  elapsed 0s
[screen] 13/326 LC12         n= 380 MDN=0.0  2.4s (cache)  elapsed 0s
[screen] 14/326 LC13         n= 145 MDN=0.0  1.9s (cache)  elapsed 0s
[screen] 15/326 LC15         n= 106 MDN=8.2  2.2s (cache)  elapsed 0s
[screen] 16/326 LC16         n= 151 MDN=32.0  2.0s (cache)  elapsed 0s
[screen] 17/326 LC17         n= 276 MDN=0.0  2.2s (cache)  elapsed 0s
[screen] 18/326 LC18         n= 188 MDN=21.5  2.4s (cache)  elapsed 0s
[screen] 19/326 LC19         n=  15 MDN=0.0  1.4s (cache)  elapsed 0s
[screen] 20/326 LC20a        n=  46 MDN=0.0  1.6s (cache)  elapsed 0s
[screen] 21/326 LC20b        n=  47 MDN=0.0  1.4s (cache)  elapsed 0s
[screen] 22/326 LC21         n= 130 MDN=0.0  2.0s (cache)  elapsed 0s
[screen] 23/326 LC22         n=  89 MDN=15.5  1.9s (cache)  elapsed 0s
[screen] 24/326 LC24         n=  75 MDN=0.0  1.6s (cache)  elapsed 0s
[screen] 25/326 LC25         n=  60 MDN=0.0  1.4s (cache)  elapsed 0s
[screen] 26/326 LC26         n=  57 MDN=0.0  1.7s (cache)  elapsed 0s
[screen] 27/326 LC27         n=  37 MDN=0.0  1.4s (cache)  elapsed 0s
[screen] 28/326 LC28a        n=  45 MDN=0.0  1.5s (cache)  elapsed 0s
[screen] 29/326 LC28b        n=  16 MDN=0.0  1.2s (cache)  elapsed 0s
[screen] 30/326 LC28c        n=  24 MDN=0.0  1.2s (cache)  elapsed 0s
[screen] 31/326 LC28d        n=  18 MDN=0.0  1.2s (cache)  elapsed 0s
[screen] 32/326 LC29         n=  45 MDN=0.0  1.4s (cache)  elapsed 0s
[screen] 33/326 LC31a        n=  35 MDN=0.0  1.7s (cache)  elapsed 0s
[screen] 34/326 LC31b        n=  10 MDN=0.0  1.6s (cache)  elapsed 0s
[screen] 35/326 LC31c        n=   2 MDN=0.0  1.0s (cache)  elapsed 0s
[screen] 36/326 LC33         n=  29 MDN=0.0  1.1s (cache)  elapsed 0s
[screen] 37/326 LC34         n=  14 MDN=0.0  1.2s (cache)  elapsed 0s
[screen] 38/326 LC35         n=   8 MDN=0.0  1.0s (cache)  elapsed 0s
[screen] 39/326 LC36         n=  35 MDN=0.0  1.5s (cache)  elapsed 0s
[screen] 40/326 LC37         n=  18 MDN=0.0  1.0s (cache)  elapsed 0s
[screen] 41/326 LC39         n=   8 MDN=0.0  0.9s (cache)  elapsed 0s
[screen] 42/326 LC4          n= 104 MDN=7.2  1.6s (cache)  elapsed 0s
[screen] 43/326 LC40         n=  37 MDN=0.0  1.2s (cache)  elapsed 0s
[screen] 44/326 LC41         n=  12 MDN=0.0  1.1s (cache)  elapsed 0s
[screen] 45/326 LC43         n=  12 MDN=0.0  1.0s (cache)  elapsed 0s
[screen] 46/326 LC44         n=   4 MDN=0.0  1.2s (cache)  elapsed 0s
[screen] 47/326 LC45a        n=  14 MDN=0.0  1.1s (cache)  elapsed 0s
[screen] 48/326 LC45b        n=  10 MDN=0.0  1.0s (cache)  elapsed 0s
[screen] 49/326 LC46         n=  14 MDN=0.0  1.2s (cache)  elapsed 0s
[screen] 50/326 LC6          n= 125 MDN=39.8  1.7s (cache)  elapsed 0s
[screen] 51/326 LC9          n= 179 MDN=6.0  1.9s (cache)  elapsed 0s
[screen] 52/326 LCe01a       n=  22 MDN=0.0  1.1s (cache)  elapsed 0s
[screen] 53/326 LCe01b       n=  45 MDN=0.0  1.1s (cache)  elapsed 0s
[screen] 54/326 LCe02        n=  53 MDN=0.0  1.2s (cache)  elapsed 0s
[screen] 55/326 LCe03        n=  37 MDN=0.0  1.2s (cache)  elapsed 0s
[screen] 56/326 LCe04        n=  37 MDN=0.0  1.3s (cache)  elapsed 0s
[screen] 57/326 LCe05        n=  19 MDN=0.0  1.1s (cache)  elapsed 0s
[screen] 58/326 LCe06        n=  11 MDN=0.0  1.3s (cache)  elapsed 0s
[screen] 59/326 LCe07        n=  10 MDN=1.5  1.4s (cache)  elapsed 0s
[screen] 60/326 LCe08        n=   5 MDN=0.0  1.2s (cache)  elapsed 0s
[screen] 61/326 LCe09        n=  16 MDN=0.0  1.1s (cache)  elapsed 0s
[screen] 62/326 LLPC1        n= 219 MDN=0.0  2.3s (cache)  elapsed 0s
[screen] 63/326 LLPC2        n= 235 MDN=9.5  2.4s (cache)  elapsed 0s
[screen] 64/326 LLPC3        n= 204 MDN=5.2  3.1s (cache)  elapsed 0s
[screen] 65/326 LLPC4        n=   6 MDN=0.0  1.2s (cache)  elapsed 0s
[screen] 66/326 LMTe01       n=   4 MDN=0.0  1.0s (cache)  elapsed 0s
[screen] 67/326 LPC1         n= 164 MDN=47.0  2.1s (cache)  elapsed 0s
[screen] 68/326 LPC2         n= 116 MDN=0.0  1.6s (cache)  elapsed 0s
[screen] 69/326 LPLC1        n= 140 MDN=2.2  2.3s (cache)  elapsed 0s
[screen] 70/326 LPLC2        n= 210 MDN=0.0  2.3s (cache)  elapsed 0s
[screen] 71/326 LPLC4        n= 110 MDN=20.8  2.3s (cache)  elapsed 0s
[screen] 72/326 LPT04_HST    n=   2 MDN=0.0  1.5s (cache)  elapsed 0s
[screen] 73/326 LPT21        n=   2 MDN=0.0  1.5s (cache)  elapsed 0s
[screen] 74/326 LPT22        n=   2 MDN=0.0  1.3s (cache)  elapsed 0s
[screen] 75/326 LPT23        n=   6 MDN=0.0  1.5s (cache)  elapsed 0s
[screen] 76/326 LPT26        n=   2 MDN=0.0  1.3s (cache)  elapsed 0s
[screen] 77/326 LPT27        n=   2 MDN=0.0  1.0s (cache)  elapsed 0s
[screen] 78/326 LPT28        n=   2 MDN=0.0  1.0s (cache)  elapsed 0s
[screen] 79/326 LPT29        n=   2 MDN=0.0  1.1s (cache)  elapsed 0s
[screen] 80/326 LPT30        n=   2 MDN=0.0  1.2s (cache)  elapsed 0s
[screen] 81/326 LPT31        n=   8 MDN=0.0  1.4s (cache)  elapsed 0s
[screen] 82/326 LPT42_Nod4   n=   2 MDN=0.5  1.2s (cache)  elapsed 0s
[screen] 83/326 LPT47_vCal2  n=   2 MDN=0.0  1.0s (cache)  elapsed 0s
[screen] 84/326 LPT48_vCal3  n=   2 MDN=0.0  1.3s (cache)  elapsed 0s
[screen] 85/326 LPT49        n=   2 MDN=0.0  1.1s (cache)  elapsed 0s
[screen] 86/326 LPT50        n=   2 MDN=0.0  0.9s (cache)  elapsed 0s
[screen] 87/326 LPT51        n=   2 MDN=0.0  1.1s (cache)  elapsed 0s
[screen] 88/326 LPT52        n=   2 MDN=0.2  1.4s (cache)  elapsed 0s
[screen] 89/326 LPT54        n=   2 MDN=0.0  1.2s (cache)  elapsed 0s
[screen] 90/326 LPTe01       n=  38 MDN=0.5  1.4s (cache)  elapsed 0s
[screen] 91/326 LPTe02       n=  11 MDN=0.0  1.0s (cache)  elapsed 0s
[screen] 92/326 LT11         n=   2 MDN=0.0  1.1s (cache)  elapsed 0s
[screen] 93/326 LT1a         n=   2 MDN=0.0  1.6s (cache)  elapsed 0s
[screen] 94/326 LT1b         n=   2 MDN=0.0  1.6s (cache)  elapsed 0s
[screen] 95/326 LT1c         n=   2 MDN=0.0  1.4s (cache)  elapsed 0s
[screen] 96/326 LT1d         n=   2 MDN=0.0  1.6s (cache)  elapsed 0s
[screen] 97/326 LT43         n=   4 MDN=0.0  1.1s (cache)  elapsed 0s
[screen] 98/326 LT47         n=   2 MDN=0.0  1.1s (cache)  elapsed 0s
[screen] 99/326 LT51         n=  22 MDN=0.0  1.2s (cache)  elapsed 0s
[screen] 100/326 LT52         n=  31 MDN=0.0  1.2s (cache)  elapsed 0s
[screen] 101/326 LT53,PLP098  n=   8 MDN=0.0  1.3s (cache)  elapsed 0s
[screen] 102/326 LT55         n=   2 MDN=0.0  1.0s (cache)  elapsed 0s
[screen] 103/326 LT57         n=  22 MDN=0.0  1.6s (cache)  elapsed 0s
[screen] 104/326 LT59         n=   2 MDN=0.0  1.3s (cache)  elapsed 0s
[screen] 105/326 LT60         n=   2 MDN=0.0  1.2s (cache)  elapsed 0s
[screen] 106/326 LT61a        n=   2 MDN=0.0  1.4s (cache)  elapsed 0s
[screen] 107/326 LT61b        n=   2 MDN=0.0  1.6s (cache)  elapsed 0s
[screen] 108/326 LT62         n=   2 MDN=0.0  1.7s (cache)  elapsed 0s
[screen] 109/326 LT63         n=   4 MDN=0.0  1.4s (cache)  elapsed 0s
[screen] 110/326 LT64         n=   4 MDN=0.0  1.1s (cache)  elapsed 0s
[screen] 111/326 LT65         n=   2 MDN=0.0  1.1s (cache)  elapsed 0s
[screen] 112/326 LT66         n=   2 MDN=0.0  1.3s (cache)  elapsed 0s
[screen] 113/326 LT67         n=   2 MDN=0.0  1.1s (cache)  elapsed 0s
[screen] 114/326 LT68         n=   4 MDN=0.0  1.1s (cache)  elapsed 0s
[screen] 115/326 LT69         n=   2 MDN=0.0  1.3s (cache)  elapsed 0s
[screen] 116/326 LT72         n=   2 MDN=0.0  1.1s (cache)  elapsed 0s
[screen] 117/326 LT73         n=   4 MDN=0.0  1.0s (cache)  elapsed 0s
[screen] 118/326 LT74         n=   5 MDN=0.0  1.0s (cache)  elapsed 0s
[screen] 119/326 LT75         n=   2 MDN=0.0  1.2s (cache)  elapsed 0s
[screen] 120/326 LT76         n=   2 MDN=0.0  1.3s (cache)  elapsed 0s
[screen] 121/326 LT77         n=   6 MDN=0.0  1.1s (cache)  elapsed 0s
[screen] 122/326 LT78         n=   8 MDN=0.0  1.1s (cache)  elapsed 0s
[screen] 123/326 LT79         n=   2 MDN=0.0  1.7s (cache)  elapsed 0s
[screen] 124/326 LT80         n=   4 MDN=0.0  1.3s (cache)  elapsed 0s
[screen] 125/326 LT81         n=  11 MDN=0.0  1.1s (cache)  elapsed 0s
[screen] 126/326 LT82a        n=   2 MDN=0.0  1.1s (cache)  elapsed 0s
[screen] 127/326 LT82b        n=   4 MDN=31.0  1.3s (cache)  elapsed 0s
[screen] 128/326 LT83         n=   2 MDN=0.0  1.5s (cache)  elapsed 0s
[screen] 129/326 LT84         n=   2 MDN=0.0  1.1s (cache)  elapsed 0s
[screen] 130/326 LT85         n=   2 MDN=0.0  1.3s (cache)  elapsed 0s
[screen] 131/326 LT86         n=   2 MDN=0.0  1.4s (cache)  elapsed 0s
[screen] 132/326 LT87         n=   2 MDN=0.0  1.6s (cache)  elapsed 0s
[screen] 133/326 LTe01        n=   5 MDN=0.0  1.2s (cache)  elapsed 0s
[screen] 134/326 LTe02        n=   4 MDN=0.0  1.3s (cache)  elapsed 0s
[screen] 135/326 LTe03        n=   4 MDN=0.0  1.5s (cache)  elapsed 0s
[screen] 136/326 LTe04        n=   2 MDN=0.0  1.2s (cache)  elapsed 0s
[screen] 137/326 LTe05        n=   2 MDN=0.0  1.4s (cache)  elapsed 0s
[screen] 138/326 LTe06        n=   2 MDN=0.0  1.0s (cache)  elapsed 0s
[screen] 139/326 LTe07        n=   2 MDN=0.0  1.0s (cache)  elapsed 0s
[screen] 140/326 LTe08        n=   2 MDN=0.0  1.4s (cache)  elapsed 0s
[screen] 141/326 LTe09        n=  15 MDN=0.0  1.3s (cache)  elapsed 0s
[screen] 142/326 LTe10        n=   2 MDN=0.0  1.1s (cache)  elapsed 0s
[screen] 143/326 LTe11        n=   2 MDN=0.0  1.2s (cache)  elapsed 0s
[screen] 144/326 LTe12        n=   2 MDN=0.0  1.7s (cache)  elapsed 0s
[screen] 145/326 LTe13        n=   2 MDN=0.0  1.2s (cache)  elapsed 0s
[screen] 146/326 LTe14        n=   2 MDN=0.0  1.3s (cache)  elapsed 0s
[screen] 147/326 LTe15        n=   2 MDN=0.0  1.3s (cache)  elapsed 0s
[screen] 148/326 LTe16        n=   2 MDN=0.0  1.1s (cache)  elapsed 0s
[screen] 149/326 LTe17        n=   2 MDN=0.0  1.0s (cache)  elapsed 0s
[screen] 150/326 LTe18        n=   2 MDN=0.0  1.1s (cache)  elapsed 0s
[screen] 151/326 LTe19        n=   2 MDN=0.0  1.2s (cache)  elapsed 0s
[screen] 152/326 LTe20        n=   2 MDN=0.0  1.4s (cache)  elapsed 0s
[screen] 153/326 LTe21        n=   2 MDN=0.0  1.5s (cache)  elapsed 0s
[screen] 154/326 LTe22        n=   2 MDN=0.0  1.2s (cache)  elapsed 0s
[screen] 155/326 LTe23        n=   2 MDN=0.0  1.1s (cache)  elapsed 0s
[screen] 156/326 LTe24        n=   2 MDN=0.0  1.2s (cache)  elapsed 0s
[screen] 157/326 LTe25        n=   2 MDN=0.0  1.2s (cache)  elapsed 0s
[screen] 158/326 LTe26        n=   2 MDN=0.0  1.2s (cache)  elapsed 0s
[screen] 159/326 LTe27        n=   2 MDN=0.0  1.0s (cache)  elapsed 0s
[screen] 160/326 LTe28        n=   2 MDN=0.0  1.0s (cache)  elapsed 0s
[screen] 161/326 LTe29        n=   2 MDN=0.0  0.9s (cache)  elapsed 0s
[screen] 162/326 LTe30        n=   2 MDN=0.0  1.1s (cache)  elapsed 0s
[screen] 163/326 LTe31        n=   2 MDN=0.0  1.1s (cache)  elapsed 0s
[screen] 164/326 LTe32        n=   6 MDN=0.0  0.9s (cache)  elapsed 0s
[screen] 165/326 LTe33        n=   5 MDN=0.0  1.0s (cache)  elapsed 0s
[screen] 166/326 LTe35        n=   2 MDN=0.0  0.9s (cache)  elapsed 0s
[screen] 167/326 LTe36        n=   2 MDN=0.0  1.0s (cache)  elapsed 0s
[screen] 168/326 LTe37        n=   4 MDN=0.0  1.2s (cache)  elapsed 0s
[screen] 169/326 LTe38a       n=   8 MDN=0.0  1.1s (cache)  elapsed 0s
[screen] 170/326 LTe38b       n=   4 MDN=0.0  1.0s (cache)  elapsed 0s
[screen] 171/326 LTe40        n=   2 MDN=0.0  1.0s (cache)  elapsed 0s
[screen] 172/326 LTe41        n=   2 MDN=0.0  0.9s (cache)  elapsed 0s
[screen] 173/326 LTe42a       n=   2 MDN=0.0  1.1s (cache)  elapsed 0s
[screen] 174/326 LTe42b       n=   2 MDN=0.0  1.1s (cache)  elapsed 0s
[screen] 175/326 LTe42c       n=   2 MDN=0.0  1.0s (cache)  elapsed 0s
[screen] 176/326 LTe43a       n=   2 MDN=0.0  1.0s (cache)  elapsed 0s
[screen] 177/326 LTe43b       n=   6 MDN=0.0  1.2s (cache)  elapsed 0s
[screen] 178/326 LTe44        n=   2 MDN=0.0  0.9s (cache)  elapsed 0s
[screen] 179/326 LTe45        n=   2 MDN=0.0  0.9s (cache)  elapsed 0s
[screen] 180/326 LTe46        n=   2 MDN=0.0  1.0s (cache)  elapsed 0s
[screen] 181/326 LTe47        n=   4 MDN=0.0  1.0s (cache)  elapsed 0s
[screen] 182/326 LTe48        n=   2 MDN=0.0  1.0s (cache)  elapsed 0s
[screen] 183/326 LTe49        n=  27 MDN=0.0  1.4s (cache)  elapsed 0s
[screen] 184/326 LTe50        n=   4 MDN=0.0  1.2s (cache)  elapsed 0s
[screen] 185/326 LTe51        n=   2 MDN=0.0  1.4s (cache)  elapsed 0s
[screen] 186/326 LTe53        n=   2 MDN=0.0  1.0s (cache)  elapsed 0s
[screen] 187/326 LTe54        n=   4 MDN=0.0  1.3s (cache)  elapsed 0s
[screen] 188/326 LTe55        n=   2 MDN=0.0  1.1s (cache)  elapsed 0s
[screen] 189/326 LTe56        n=   2 MDN=0.0  1.1s (cache)  elapsed 0s
[screen] 190/326 LTe57        n=   2 MDN=0.0  1.2s (cache)  elapsed 0s
[screen] 191/326 LTe58        n=  12 MDN=0.0  1.2s (cache)  elapsed 0s
[screen] 192/326 LTe59a       n=   2 MDN=0.0  1.1s (cache)  elapsed 0s
[screen] 193/326 LTe59b       n=   2 MDN=0.0  1.1s (cache)  elapsed 0s
[screen] 194/326 LTe60        n=   2 MDN=0.0  1.0s (cache)  elapsed 0s
[screen] 195/326 LTe62        n=   2 MDN=0.0  1.0s (cache)  elapsed 0s
[screen] 196/326 LTe63        n=   6 MDN=0.0  1.1s (cache)  elapsed 0s
[screen] 197/326 LTe64        n=  16 MDN=0.0  1.5s (cache)  elapsed 0s
[screen] 198/326 LTe65        n=   7 MDN=0.5  1.5s (cache)  elapsed 0s
[screen] 199/326 LTe66        n=   7 MDN=0.0  1.2s (cache)  elapsed 0s
[screen] 200/326 LTe67        n=   4 MDN=0.0  1.1s (cache)  elapsed 0s
[screen] 201/326 LTe68a       n=   4 MDN=0.0  1.1s (cache)  elapsed 0s
[screen] 202/326 LTe68b       n=   6 MDN=0.0  1.1s (cache)  elapsed 0s
[screen] 203/326 LTe69        n=   2 MDN=0.0  1.1s (cache)  elapsed 0s
[screen] 204/326 LTe70        n=   2 MDN=0.0  1.1s (cache)  elapsed 0s
[screen] 205/326 LTe71        n=   2 MDN=0.0  1.1s (cache)  elapsed 0s
[screen] 206/326 LTe72        n=   2 MDN=0.0  1.2s (cache)  elapsed 0s
[screen] 207/326 LTe73        n=   2 MDN=0.0  1.1s (cache)  elapsed 0s
[screen] 208/326 LTe74        n=   2 MDN=0.0  1.0s (cache)  elapsed 0s
[screen] 209/326 LTe75        n=   2 MDN=0.0  1.0s (cache)  elapsed 0s
[screen] 210/326 LTe76        n=   2 MDN=0.0  1.0s (cache)  elapsed 0s
[screen] 211/326 MC65         n=   6 MDN=0.0  1.1s (cache)  elapsed 0s
[screen] 212/326 MTe01a       n=  87 MDN=0.0  1.4s (cache)  elapsed 0s
[screen] 213/326 MTe01b       n=  48 MDN=0.0  2.4s (cache)  elapsed 0s
[screen] 214/326 MTe01c       n=   4 MDN=0.0  1.2s (cache)  elapsed 0s
[screen] 215/326 MTe02        n=  75 MDN=0.0  1.4s (cache)  elapsed 0s
[screen] 216/326 MTe03        n=  47 MDN=0.0  1.4s (cache)  elapsed 0s
[screen] 217/326 MTe04        n=  30 MDN=0.0  1.3s (cache)  elapsed 0s
[screen] 218/326 MTe05        n=  25 MDN=0.0  1.3s (cache)  elapsed 0s
[screen] 219/326 MTe06        n=  18 MDN=0.0  1.3s (cache)  elapsed 0s
[screen] 220/326 MTe07        n=  15 MDN=0.0  1.3s (cache)  elapsed 0s
[screen] 221/326 MTe08        n=  12 MDN=0.0  1.1s (cache)  elapsed 0s
[screen] 222/326 MTe09        n=  10 MDN=0.0  1.0s (cache)  elapsed 0s
[screen] 223/326 MTe10        n=   8 MDN=0.0  1.0s (cache)  elapsed 0s
[screen] 224/326 MTe11        n=   6 MDN=0.0  1.1s (cache)  elapsed 0s
[screen] 225/326 MTe12        n=   6 MDN=0.0  1.2s (cache)  elapsed 0s
[screen] 226/326 MTe13        n=   5 MDN=0.0  1.0s (cache)  elapsed 0s
[screen] 227/326 MTe14        n=   4 MDN=0.0  1.0s (cache)  elapsed 0s
[screen] 228/326 MTe15        n=   4 MDN=0.0  1.2s (cache)  elapsed 0s
[screen] 229/326 MTe16        n=   4 MDN=0.0  1.0s (cache)  elapsed 0s
[screen] 230/326 MTe17a       n=   2 MDN=0.0  1.0s (cache)  elapsed 0s
[screen] 231/326 MTe17b       n=   2 MDN=0.0  1.0s (cache)  elapsed 0s
[screen] 232/326 MTe18        n=   3 MDN=0.0  0.9s (cache)  elapsed 0s
[screen] 233/326 MTe19        n=   2 MDN=0.0  0.9s (cache)  elapsed 0s
[screen] 234/326 MTe20        n=   2 MDN=0.0  0.9s (cache)  elapsed 0s
[screen] 235/326 MTe21        n=   2 MDN=0.0  1.0s (cache)  elapsed 0s
[screen] 236/326 MTe22        n=   2 MDN=0.0  1.1s (cache)  elapsed 0s
[screen] 237/326 MTe23        n=   2 MDN=0.0  1.0s (cache)  elapsed 0s
[screen] 238/326 MTe24        n=   2 MDN=0.0  1.0s (cache)  elapsed 0s
[screen] 239/326 MTe25        n=   2 MDN=0.0  1.0s (cache)  elapsed 0s
[screen] 240/326 MTe26        n=   2 MDN=0.0  1.2s (cache)  elapsed 0s
[screen] 241/326 MTe27        n=   2 MDN=0.0  1.2s (cache)  elapsed 0s
[screen] 242/326 MTe28        n=   2 MDN=0.0  1.1s (cache)  elapsed 0s
[screen] 243/326 MTe29        n=   2 MDN=0.0  0.9s (cache)  elapsed 0s
[screen] 244/326 MTe30        n=   2 MDN=0.0  1.1s (cache)  elapsed 0s
[screen] 245/326 MTe31        n=   2 MDN=0.0  0.9s (cache)  elapsed 0s
[screen] 246/326 MTe32        n=   2 MDN=0.0  1.0s (cache)  elapsed 0s
[screen] 247/326 MTe33        n=   2 MDN=0.2  1.2s (cache)  elapsed 0s
[screen] 248/326 MTe34        n=   2 MDN=0.0  1.0s (cache)  elapsed 0s
[screen] 249/326 MTe35        n=   2 MDN=0.0  1.1s (cache)  elapsed 0s
[screen] 250/326 MTe36        n=   2 MDN=0.0  1.0s (cache)  elapsed 0s
[screen] 251/326 MTe37        n=   2 MDN=0.0  1.1s (cache)  elapsed 0s
[screen] 252/326 MTe38        n=   2 MDN=0.0  1.0s (cache)  elapsed 0s
[screen] 253/326 MTe39        n=   2 MDN=0.0  0.9s (cache)  elapsed 0s
[screen] 254/326 MTe40        n=   2 MDN=0.0  1.0s (cache)  elapsed 0s
[screen] 255/326 MTe41        n=   2 MDN=0.0  1.0s (cache)  elapsed 0s
[screen] 256/326 MTe42        n=   2 MDN=0.0  1.0s (cache)  elapsed 0s
[screen] 257/326 MTe43        n=   2 MDN=0.0  1.0s (cache)  elapsed 0s
[screen] 258/326 MTe44        n=   2 MDN=0.0  1.2s (cache)  elapsed 0s
[screen] 259/326 MTe45        n=   2 MDN=0.0  1.1s (cache)  elapsed 0s
[screen] 260/326 MTe46        n=   3 MDN=0.0  1.2s (cache)  elapsed 0s
[screen] 261/326 MTe47        n=   4 MDN=0.0  0.9s (cache)  elapsed 0s
[screen] 262/326 MTe48        n=   2 MDN=0.0  0.9s (cache)  elapsed 0s
[screen] 263/326 MTe49        n=   2 MDN=0.0  1.0s (cache)  elapsed 0s
[screen] 264/326 MTe50        n=  54 MDN=0.0  1.6s (cache)  elapsed 0s
[screen] 265/326 MTe51        n=  99 MDN=0.0  1.8s (cache)  elapsed 0s
[screen] 266/326 MTe52        n=  42 MDN=0.0  1.9s (cache)  elapsed 0s
[screen] 267/326 MTe53        n=  15 MDN=0.0  1.2s (cache)  elapsed 0s
[screen] 268/326 MTe54        n=  56 MDN=0.0  1.4s (cache)  elapsed 0s
[screen] 269/326 MeLp1        n=   2 MDN=0.0  1.4s (cache)  elapsed 0s
[screen] 270/326 MeMe_e03     n=   2 MDN=0.0  0.9s (cache)  elapsed 0s
[screen] 271/326 MeMe_e04     n=   4 MDN=0.0  1.0s (cache)  elapsed 0s
[screen] 272/326 MeMe_e05     n=   2 MDN=0.0  0.9s (cache)  elapsed 0s
[screen] 273/326 MeMe_e06     n=   2 MDN=0.0  0.9s (cache)  elapsed 0s
[screen] 274/326 MeMe_e07     n=  10 MDN=0.0  1.1s (cache)  elapsed 0s
[screen] 275/326 MeMe_e08     n=  12 MDN=0.0  1.1s (cache)  elapsed 0s
[screen] 276/326 MeTu1        n= 244 MDN=0.0  1.8s (cache)  elapsed 0s
[screen] 277/326 MeTu2a       n=  70 MDN=0.0  1.5s (cache)  elapsed 0s
[screen] 278/326 MeTu2b       n=  31 MDN=0.0  1.2s (cache)  elapsed 0s
[screen] 279/326 MeTu3a       n=  40 MDN=0.0  1.5s (cache)  elapsed 0s
[screen] 280/326 MeTu3b       n=  85 MDN=0.0  1.5s (cache)  elapsed 0s
[screen] 281/326 MeTu3c       n= 152 MDN=0.0  1.7s (cache)  elapsed 0s
[screen] 282/326 MeTu4a       n= 131 MDN=0.0  1.5s (cache)  elapsed 0s
[screen] 283/326 MeTu4b       n=  21 MDN=0.0  1.3s (cache)  elapsed 0s
[screen] 284/326 MeTu4c       n=  93 MDN=0.0  1.7s (cache)  elapsed 0s
[screen] 285/326 MeTu4d       n=  37 MDN=0.0  1.4s (cache)  elapsed 0s
[screen] 286/326 Nod1         n=   4 MDN=0.0  1.3s (cache)  elapsed 0s
[screen] 287/326 Nod2         n=   2 MDN=0.0  1.0s (cache)  elapsed 0s
[screen] 288/326 Nod3         n=   2 MDN=0.0  1.2s (cache)  elapsed 0s
[screen] 289/326 Nod5         n=   2 MDN=1.5  1.5s (cache)  elapsed 0s
[screen] 290/326 OCG01a       n=   2 MDN=0.0  1.0s (cache)  elapsed 0s
[screen] 291/326 OCG01b       n=   2 MDN=0.0  1.0s (cache)  elapsed 0s
[screen] 292/326 OCG01c       n=   2 MDN=0.0  0.9s (cache)  elapsed 0s
[screen] 293/326 OCG01d       n=   2 MDN=0.0  1.1s (cache)  elapsed 0s
[screen] 294/326 OCG01e       n=   2 MDN=0.0  1.0s (cache)  elapsed 0s
[screen] 295/326 OCG01f       n=   2 MDN=0.0  0.9s (cache)  elapsed 0s
[screen] 296/326 OCG02a       n=   2 MDN=0.0  0.9s (cache)  elapsed 0s
[screen] 297/326 OCG02b       n=   2 MDN=0.0  0.9s (cache)  elapsed 0s
[screen] 298/326 OCG02c       n=   4 MDN=0.0  0.9s (cache)  elapsed 0s
[screen] 299/326 TmY14        n= 370 MDN=0.0  1.5s (cache)  elapsed 0s
[screen] 300/326 VS1          n=   2 MDN=0.0  0.9s (cache)  elapsed 0s
[screen] 301/326 VS2          n=   2 MDN=0.0  0.9s (cache)  elapsed 0s
[screen] 302/326 VS3          n=   2 MDN=0.0  0.9s (cache)  elapsed 0s
[screen] 303/326 VS4          n=   2 MDN=0.0  0.9s (cache)  elapsed 0s
[screen] 304/326 VS5          n=   2 MDN=0.0  0.8s (cache)  elapsed 0s
[screen] 305/326 VS6          n=   2 MDN=0.0  0.8s (cache)  elapsed 0s
[screen] 306/326 VS7          n=   2 MDN=0.0  0.9s (cache)  elapsed 0s
[screen] 307/326 VS8          n=   2 MDN=0.0  0.8s (cache)  elapsed 0s
[screen] 308/326 VST1         n=   4 MDN=0.0  0.9s (cache)  elapsed 0s
[screen] 309/326 VST2         n=   8 MDN=0.0  1.2s (cache)  elapsed 0s
[screen] 310/326 VSm          n=   4 MDN=0.0  1.0s (cache)  elapsed 0s
[screen] 311/326 aMe1         n=   4 MDN=0.0  0.8s (cache)  elapsed 0s
[screen] 312/326 aMe10        n=   3 MDN=0.0  0.9s (cache)  elapsed 0s
[screen] 313/326 aMe12        n=   7 MDN=0.0  1.0s (cache)  elapsed 0s
[screen] 314/326 aMe19a       n=   2 MDN=0.0  0.8s (cache)  elapsed 0s
[screen] 315/326 aMe19b       n=   2 MDN=0.0  0.8s (cache)  elapsed 0s
[screen] 316/326 aMe20        n=   2 MDN=0.0  1.0s (cache)  elapsed 0s
[screen] 317/326 aMe25        n=   2 MDN=0.0  0.9s (cache)  elapsed 0s
[screen] 318/326 aMe26        n=   6 MDN=0.0  1.1s (cache)  elapsed 0s
[screen] 319/326 aMe3         n=   2 MDN=0.0  1.0s (cache)  elapsed 0s
[screen] 320/326 aMe5         n=  55 MDN=0.0  1.4s (cache)  elapsed 0s
[screen] 321/326 aMe6a        n=   2 MDN=0.0  0.9s (cache)  elapsed 0s
[screen] 322/326 aMe8         n=   4 MDN=0.0  1.0s (cache)  elapsed 0s
[screen] 323/326 aMe9         n=   4 MDN=0.0  1.1s (cache)  elapsed 0s
[screen] 324/326 s-LNv_a      n=   2 MDN=0.0  0.9s (cache)  elapsed 0s
[screen] 325/326 s-LNv_b      n=   8 MDN=0.0  0.9s (cache)  elapsed 0s
[screen] 326/326 vCal1        n=   2 MDN=0.0  0.9s (cache)  elapsed 0s

=== screen_mdn  target=MDN  candidates=326  hits=12 ===
MDN: among 326 candidate types (12 in-silico hits at >= 5 Hz), connectome-guided ranking finds the first hit after 1.0 experiments vs 25.2 expected for random order (25.15x; other >=2-hop score variants 25.15-25.15x; naive 'largest type first' order: 5.0) and all hits after 20.0 vs 301.8 (15.09x; other >=2-hop variants 0.94-0.96x); exhaustive = 326 experiments. With a budget of 20 experiments (6% of the screen) the guided order finds 12/12 hits vs 0.7 expected for random order. Second-seed replicate: 11/12 hits replicate; all robust hits found after 20.0 vs 299.8 random (14.99x).
Literature check: the guided order reaches the first literature-known driver of MDN (LPLC2, connectome rank 12; NOT an in-silico hit; set: LC16, LPLC2) after 12.0 experiments vs 109.0 expected random (9.08x; direct-synapse-only ranking: 108.0); in-silico recall of literature hits 1/2 (missed: LPLC2). First literature-known driver that the model also confirms: LC16 after 16 guided experiments vs 163.5 expected random (10.2x).
  literature LC16     rate=32.0 Hz hit=True connectome_rank=16
  literature LPLC2    rate=0.0 Hz hit=False connectome_rank=12
  wall/experiment 1.241 s, exhaustive 404.5 s
  top 10 by connectome: [('LPC1', 47.0), ('LT82b', 31.0), ('LC6', 39.75), ('LC18', 21.5), ('LPLC1', 2.25), ('LC4', 7.25), ('LTe65', 0.5), ('LC9', 6.0), ('LLPC2', 9.5), ('LC10c-1', 0.0)]
  variant fraction_1hop   in-silico: first 24.923076923076923 all 299.0769230769231 red 1.01/1.01 AP 0.13 | literature: first 108.0 red 1.01 ranks {'LC16': 16, 'LPLC2': 69}
  variant fraction_2hop   in-silico: first 1.0 all 322.0 red 25.15/0.94 AP 0.34 | literature: first 42.0 red 2.6 ranks {'LC16': 310, 'LPLC2': 42}
  variant fraction_3hop   in-silico: first 1.0 all 322.0 red 25.15/0.94 AP 0.38 | literature: first 21.0 red 5.19 ranks {'LC16': 135, 'LPLC2': 21}
  variant meanfield_1hop  in-silico: first 24.923076923076923 all 299.0769230769231 red 1.01/1.01 AP 0.13 | literature: first 108.0 red 1.01 ranks {'LC16': 16, 'LPLC2': 69}
  variant meanfield_2hop  in-silico: first 1.0 all 316.0 red 25.15/0.96 AP 0.49 | literature: first 13.0 red 8.38 ranks {'LC16': 295, 'LPLC2': 13}
  variant meanfield_3hop  in-silico: first 1.0 all 20.0 red 25.15/15.09 AP 0.80 | literature: first 12.0 red 9.08 ranks {'LC16': 16, 'LPLC2': 12}
  sensitivity (threshold): {'1Hz': (15, 20.44, 7.66), '5Hz': (12, 25.15, 15.09), '10Hz': (7, 40.88, 14.31), '20Hz': (6, 46.71, 17.52), '50Hz': (0, None, None)}
  baseline largest-type-first: first 5.0 all 142.5 -> guided is 5.0x / 7.12x faster than this baseline
  seed replicate: 11/12 hits replicate; unstable ['LC4']; robust-hit search {'n_hits': 11, 'guided_first': 1.0, 'guided_all': 20.0, 'random_first_expected': 27.25, 'random_all_expected': 299.75, 'reduction_first': 27.25, 'reduction_all': 14.99, 'average_precision': 0.7464973158154978, 'recall_at_10': 0.5454545454545454}
[screen] 1/326 H2           n=   2 GF=0.0  1.3s (cache)  elapsed 0s
[screen] 2/326 HSE          n=   2 GF=0.0  1.1s (cache)  elapsed 0s
[screen] 3/326 HSN          n=   2 GF=0.0  1.1s (cache)  elapsed 0s
[screen] 4/326 HSS          n=   2 GF=0.0  1.1s (cache)  elapsed 0s
[screen] 5/326 LC10a        n= 234 GF=0.0  1.9s (cache)  elapsed 0s
[screen] 6/326 LC10b        n=  84 GF=0.0  1.6s (cache)  elapsed 0s
[screen] 7/326 LC10c-1      n= 102 GF=0.0  1.7s (cache)  elapsed 0s
[screen] 8/326 LC10c-2      n= 101 GF=0.0  1.8s (cache)  elapsed 0s
[screen] 9/326 LC10d        n= 188 GF=0.0  2.0s (cache)  elapsed 0s
[screen] 10/326 LC10e        n= 103 GF=0.0  1.6s (cache)  elapsed 0s
[screen] 11/326 LC10f        n=   4 GF=0.0  1.1s (cache)  elapsed 0s
[screen] 12/326 LC11         n= 127 GF=0.0  2.3s (cache)  elapsed 0s
[screen] 13/326 LC12         n= 380 GF=0.0  2.4s (cache)  elapsed 0s
[screen] 14/326 LC13         n= 145 GF=0.0  1.9s (cache)  elapsed 0s
[screen] 15/326 LC15         n= 106 GF=99.5  2.2s (cache)  elapsed 0s
[screen] 16/326 LC16         n= 151 GF=0.0  2.0s (cache)  elapsed 0s
[screen] 17/326 LC17         n= 276 GF=130.0  2.2s (cache)  elapsed 0s
[screen] 18/326 LC18         n= 188 GF=1.0  2.4s (cache)  elapsed 0s
[screen] 19/326 LC19         n=  15 GF=0.0  1.4s (cache)  elapsed 0s
[screen] 20/326 LC20a        n=  46 GF=0.0  1.6s (cache)  elapsed 0s
[screen] 21/326 LC20b        n=  47 GF=0.0  1.4s (cache)  elapsed 0s
[screen] 22/326 LC21         n= 130 GF=0.0  2.0s (cache)  elapsed 0s
[screen] 23/326 LC22         n=  89 GF=0.0  1.9s (cache)  elapsed 0s
[screen] 24/326 LC24         n=  75 GF=0.0  1.6s (cache)  elapsed 0s
[screen] 25/326 LC25         n=  60 GF=0.0  1.4s (cache)  elapsed 0s
[screen] 26/326 LC26         n=  57 GF=0.0  1.7s (cache)  elapsed 0s
[screen] 27/326 LC27         n=  37 GF=0.0  1.4s (cache)  elapsed 0s
[screen] 28/326 LC28a        n=  45 GF=0.0  1.5s (cache)  elapsed 0s
[screen] 29/326 LC28b        n=  16 GF=0.0  1.2s (cache)  elapsed 0s
[screen] 30/326 LC28c        n=  24 GF=13.0  1.2s (cache)  elapsed 0s
[screen] 31/326 LC28d        n=  18 GF=0.0  1.2s (cache)  elapsed 0s
[screen] 32/326 LC29         n=  45 GF=0.0  1.4s (cache)  elapsed 0s
[screen] 33/326 LC31a        n=  35 GF=61.0  1.7s (cache)  elapsed 0s
[screen] 34/326 LC31b        n=  10 GF=0.0  1.6s (cache)  elapsed 0s
[screen] 35/326 LC31c        n=   2 GF=0.0  1.0s (cache)  elapsed 0s
[screen] 36/326 LC33         n=  29 GF=0.0  1.1s (cache)  elapsed 0s
[screen] 37/326 LC34         n=  14 GF=0.0  1.2s (cache)  elapsed 0s
[screen] 38/326 LC35         n=   8 GF=0.0  1.0s (cache)  elapsed 0s
[screen] 39/326 LC36         n=  35 GF=0.0  1.5s (cache)  elapsed 0s
[screen] 40/326 LC37         n=  18 GF=0.0  1.0s (cache)  elapsed 0s
[screen] 41/326 LC39         n=   8 GF=0.0  0.9s (cache)  elapsed 0s
[screen] 42/326 LC4          n= 104 GF=110.5  1.6s (cache)  elapsed 0s
[screen] 43/326 LC40         n=  37 GF=0.0  1.2s (cache)  elapsed 0s
[screen] 44/326 LC41         n=  12 GF=0.0  1.1s (cache)  elapsed 0s
[screen] 45/326 LC43         n=  12 GF=0.0  1.0s (cache)  elapsed 0s
[screen] 46/326 LC44         n=   4 GF=0.0  1.2s (cache)  elapsed 0s
[screen] 47/326 LC45a        n=  14 GF=0.0  1.1s (cache)  elapsed 0s
[screen] 48/326 LC45b        n=  10 GF=2.5  1.0s (cache)  elapsed 0s
[screen] 49/326 LC46         n=  14 GF=0.0  1.2s (cache)  elapsed 0s
[screen] 50/326 LC6          n= 125 GF=159.0  1.7s (cache)  elapsed 0s
[screen] 51/326 LC9          n= 179 GF=1.0  1.9s (cache)  elapsed 0s
[screen] 52/326 LCe01a       n=  22 GF=0.0  1.1s (cache)  elapsed 0s
[screen] 53/326 LCe01b       n=  45 GF=0.0  1.1s (cache)  elapsed 0s
[screen] 54/326 LCe02        n=  53 GF=0.0  1.2s (cache)  elapsed 0s
[screen] 55/326 LCe03        n=  37 GF=0.0  1.2s (cache)  elapsed 0s
[screen] 56/326 LCe04        n=  37 GF=49.0  1.3s (cache)  elapsed 0s
[screen] 57/326 LCe05        n=  19 GF=0.0  1.1s (cache)  elapsed 0s
[screen] 58/326 LCe06        n=  11 GF=0.0  1.3s (cache)  elapsed 0s
[screen] 59/326 LCe07        n=  10 GF=0.0  1.4s (cache)  elapsed 0s
[screen] 60/326 LCe08        n=   5 GF=0.0  1.2s (cache)  elapsed 0s
[screen] 61/326 LCe09        n=  16 GF=0.0  1.1s (cache)  elapsed 0s
[screen] 62/326 LLPC1        n= 219 GF=0.0  2.3s (cache)  elapsed 0s
[screen] 63/326 LLPC2        n= 235 GF=0.0  2.4s (cache)  elapsed 0s
[screen] 64/326 LLPC3        n= 204 GF=0.0  3.1s (cache)  elapsed 0s
[screen] 65/326 LLPC4        n=   6 GF=0.0  1.2s (cache)  elapsed 0s
[screen] 66/326 LMTe01       n=   4 GF=0.0  1.0s (cache)  elapsed 0s
[screen] 67/326 LPC1         n= 164 GF=0.0  2.1s (cache)  elapsed 0s
[screen] 68/326 LPC2         n= 116 GF=0.0  1.6s (cache)  elapsed 0s
[screen] 69/326 LPLC1        n= 140 GF=0.0  2.3s (cache)  elapsed 0s
[screen] 70/326 LPLC2        n= 210 GF=159.0  2.3s (cache)  elapsed 0s
[screen] 71/326 LPLC4        n= 110 GF=0.0  2.3s (cache)  elapsed 0s
[screen] 72/326 LPT04_HST    n=   2 GF=0.0  1.5s (cache)  elapsed 0s
[screen] 73/326 LPT21        n=   2 GF=0.0  1.5s (cache)  elapsed 0s
[screen] 74/326 LPT22        n=   2 GF=0.0  1.3s (cache)  elapsed 0s
[screen] 75/326 LPT23        n=   6 GF=0.0  1.5s (cache)  elapsed 0s
[screen] 76/326 LPT26        n=   2 GF=0.0  1.3s (cache)  elapsed 0s
[screen] 77/326 LPT27        n=   2 GF=0.0  1.0s (cache)  elapsed 0s
[screen] 78/326 LPT28        n=   2 GF=0.0  1.0s (cache)  elapsed 0s
[screen] 79/326 LPT29        n=   2 GF=0.0  1.1s (cache)  elapsed 0s
[screen] 80/326 LPT30        n=   2 GF=0.0  1.2s (cache)  elapsed 0s
[screen] 81/326 LPT31        n=   8 GF=0.0  1.4s (cache)  elapsed 0s
[screen] 82/326 LPT42_Nod4   n=   2 GF=0.0  1.2s (cache)  elapsed 0s
[screen] 83/326 LPT47_vCal2  n=   2 GF=0.0  1.0s (cache)  elapsed 0s
[screen] 84/326 LPT48_vCal3  n=   2 GF=0.0  1.3s (cache)  elapsed 0s
[screen] 85/326 LPT49        n=   2 GF=0.0  1.1s (cache)  elapsed 0s
[screen] 86/326 LPT50        n=   2 GF=0.0  0.9s (cache)  elapsed 0s
[screen] 87/326 LPT51        n=   2 GF=0.0  1.1s (cache)  elapsed 0s
[screen] 88/326 LPT52        n=   2 GF=0.0  1.4s (cache)  elapsed 0s
[screen] 89/326 LPT54        n=   2 GF=0.0  1.2s (cache)  elapsed 0s
[screen] 90/326 LPTe01       n=  38 GF=0.0  1.4s (cache)  elapsed 0s
[screen] 91/326 LPTe02       n=  11 GF=0.0  1.0s (cache)  elapsed 0s
[screen] 92/326 LT11         n=   2 GF=0.0  1.1s (cache)  elapsed 0s
[screen] 93/326 LT1a         n=   2 GF=61.0  1.6s (cache)  elapsed 0s
[screen] 94/326 LT1b         n=   2 GF=24.0  1.6s (cache)  elapsed 0s
[screen] 95/326 LT1c         n=   2 GF=0.0  1.4s (cache)  elapsed 0s
[screen] 96/326 LT1d         n=   2 GF=0.0  1.6s (cache)  elapsed 0s
[screen] 97/326 LT43         n=   4 GF=0.0  1.1s (cache)  elapsed 0s
[screen] 98/326 LT47         n=   2 GF=0.0  1.1s (cache)  elapsed 0s
[screen] 99/326 LT51         n=  22 GF=0.0  1.2s (cache)  elapsed 0s
[screen] 100/326 LT52         n=  31 GF=0.0  1.2s (cache)  elapsed 0s
[screen] 101/326 LT53,PLP098  n=   8 GF=0.0  1.3s (cache)  elapsed 0s
[screen] 102/326 LT55         n=   2 GF=0.0  1.0s (cache)  elapsed 0s
[screen] 103/326 LT57         n=  22 GF=0.0  1.6s (cache)  elapsed 0s
[screen] 104/326 LT59         n=   2 GF=0.0  1.3s (cache)  elapsed 0s
[screen] 105/326 LT60         n=   2 GF=3.5  1.2s (cache)  elapsed 0s
[screen] 106/326 LT61a        n=   2 GF=0.0  1.4s (cache)  elapsed 0s
[screen] 107/326 LT61b        n=   2 GF=1.0  1.6s (cache)  elapsed 0s
[screen] 108/326 LT62         n=   2 GF=0.0  1.7s (cache)  elapsed 0s
[screen] 109/326 LT63         n=   4 GF=0.0  1.4s (cache)  elapsed 0s
[screen] 110/326 LT64         n=   4 GF=0.0  1.1s (cache)  elapsed 0s
[screen] 111/326 LT65         n=   2 GF=0.0  1.1s (cache)  elapsed 0s
[screen] 112/326 LT66         n=   2 GF=0.0  1.3s (cache)  elapsed 0s
[screen] 113/326 LT67         n=   2 GF=0.0  1.1s (cache)  elapsed 0s
[screen] 114/326 LT68         n=   4 GF=0.0  1.1s (cache)  elapsed 0s
[screen] 115/326 LT69         n=   2 GF=0.0  1.3s (cache)  elapsed 0s
[screen] 116/326 LT72         n=   2 GF=0.0  1.1s (cache)  elapsed 0s
[screen] 117/326 LT73         n=   4 GF=0.0  1.0s (cache)  elapsed 0s
[screen] 118/326 LT74         n=   5 GF=0.0  1.0s (cache)  elapsed 0s
[screen] 119/326 LT75         n=   2 GF=0.0  1.2s (cache)  elapsed 0s
[screen] 120/326 LT76         n=   2 GF=0.0  1.3s (cache)  elapsed 0s
[screen] 121/326 LT77         n=   6 GF=0.0  1.1s (cache)  elapsed 0s
[screen] 122/326 LT78         n=   8 GF=0.0  1.1s (cache)  elapsed 0s
[screen] 123/326 LT79         n=   2 GF=8.5  1.7s (cache)  elapsed 0s
[screen] 124/326 LT80         n=   4 GF=0.0  1.3s (cache)  elapsed 0s
[screen] 125/326 LT81         n=  11 GF=0.0  1.1s (cache)  elapsed 0s
[screen] 126/326 LT82a        n=   2 GF=0.0  1.1s (cache)  elapsed 0s
[screen] 127/326 LT82b        n=   4 GF=0.0  1.3s (cache)  elapsed 0s
[screen] 128/326 LT83         n=   2 GF=14.0  1.5s (cache)  elapsed 0s
[screen] 129/326 LT84         n=   2 GF=0.0  1.1s (cache)  elapsed 0s
[screen] 130/326 LT85         n=   2 GF=0.0  1.3s (cache)  elapsed 0s
[screen] 131/326 LT86         n=   2 GF=0.0  1.4s (cache)  elapsed 0s
[screen] 132/326 LT87         n=   2 GF=0.0  1.6s (cache)  elapsed 0s
[screen] 133/326 LTe01        n=   5 GF=0.0  1.2s (cache)  elapsed 0s
[screen] 134/326 LTe02        n=   4 GF=0.0  1.3s (cache)  elapsed 0s
[screen] 135/326 LTe03        n=   4 GF=0.0  1.5s (cache)  elapsed 0s
[screen] 136/326 LTe04        n=   2 GF=0.0  1.2s (cache)  elapsed 0s
[screen] 137/326 LTe05        n=   2 GF=0.0  1.4s (cache)  elapsed 0s
[screen] 138/326 LTe06        n=   2 GF=0.0  1.0s (cache)  elapsed 0s
[screen] 139/326 LTe07        n=   2 GF=0.0  1.0s (cache)  elapsed 0s
[screen] 140/326 LTe08        n=   2 GF=1.0  1.4s (cache)  elapsed 0s
[screen] 141/326 LTe09        n=  15 GF=0.0  1.3s (cache)  elapsed 0s
[screen] 142/326 LTe10        n=   2 GF=0.0  1.1s (cache)  elapsed 0s
[screen] 143/326 LTe11        n=   2 GF=0.0  1.2s (cache)  elapsed 0s
[screen] 144/326 LTe12        n=   2 GF=0.0  1.7s (cache)  elapsed 0s
[screen] 145/326 LTe13        n=   2 GF=0.0  1.2s (cache)  elapsed 0s
[screen] 146/326 LTe14        n=   2 GF=0.0  1.3s (cache)  elapsed 0s
[screen] 147/326 LTe15        n=   2 GF=0.0  1.3s (cache)  elapsed 0s
[screen] 148/326 LTe16        n=   2 GF=0.0  1.1s (cache)  elapsed 0s
[screen] 149/326 LTe17        n=   2 GF=0.0  1.0s (cache)  elapsed 0s
[screen] 150/326 LTe18        n=   2 GF=0.0  1.1s (cache)  elapsed 0s
[screen] 151/326 LTe19        n=   2 GF=0.0  1.2s (cache)  elapsed 0s
[screen] 152/326 LTe20        n=   2 GF=7.0  1.4s (cache)  elapsed 0s
[screen] 153/326 LTe21        n=   2 GF=0.0  1.5s (cache)  elapsed 0s
[screen] 154/326 LTe22        n=   2 GF=0.0  1.2s (cache)  elapsed 0s
[screen] 155/326 LTe23        n=   2 GF=0.0  1.1s (cache)  elapsed 0s
[screen] 156/326 LTe24        n=   2 GF=0.0  1.2s (cache)  elapsed 0s
[screen] 157/326 LTe25        n=   2 GF=3.5  1.2s (cache)  elapsed 0s
[screen] 158/326 LTe26        n=   2 GF=0.0  1.2s (cache)  elapsed 0s
[screen] 159/326 LTe27        n=   2 GF=0.0  1.0s (cache)  elapsed 0s
[screen] 160/326 LTe28        n=   2 GF=0.0  1.0s (cache)  elapsed 0s
[screen] 161/326 LTe29        n=   2 GF=0.0  0.9s (cache)  elapsed 0s
[screen] 162/326 LTe30        n=   2 GF=0.0  1.1s (cache)  elapsed 0s
[screen] 163/326 LTe31        n=   2 GF=0.0  1.1s (cache)  elapsed 0s
[screen] 164/326 LTe32        n=   6 GF=0.0  0.9s (cache)  elapsed 0s
[screen] 165/326 LTe33        n=   5 GF=0.0  1.0s (cache)  elapsed 0s
[screen] 166/326 LTe35        n=   2 GF=0.0  0.9s (cache)  elapsed 0s
[screen] 167/326 LTe36        n=   2 GF=0.0  1.0s (cache)  elapsed 0s
[screen] 168/326 LTe37        n=   4 GF=0.0  1.2s (cache)  elapsed 0s
[screen] 169/326 LTe38a       n=   8 GF=0.0  1.1s (cache)  elapsed 0s
[screen] 170/326 LTe38b       n=   4 GF=0.0  1.0s (cache)  elapsed 0s
[screen] 171/326 LTe40        n=   2 GF=0.0  1.0s (cache)  elapsed 0s
[screen] 172/326 LTe41        n=   2 GF=0.0  0.9s (cache)  elapsed 0s
[screen] 173/326 LTe42a       n=   2 GF=0.0  1.1s (cache)  elapsed 0s
[screen] 174/326 LTe42b       n=   2 GF=0.0  1.1s (cache)  elapsed 0s
[screen] 175/326 LTe42c       n=   2 GF=0.0  1.0s (cache)  elapsed 0s
[screen] 176/326 LTe43a       n=   2 GF=0.0  1.0s (cache)  elapsed 0s
[screen] 177/326 LTe43b       n=   6 GF=0.0  1.2s (cache)  elapsed 0s
[screen] 178/326 LTe44        n=   2 GF=0.0  0.9s (cache)  elapsed 0s
[screen] 179/326 LTe45        n=   2 GF=0.0  0.9s (cache)  elapsed 0s
[screen] 180/326 LTe46        n=   2 GF=0.0  1.0s (cache)  elapsed 0s
[screen] 181/326 LTe47        n=   4 GF=0.0  1.0s (cache)  elapsed 0s
[screen] 182/326 LTe48        n=   2 GF=0.0  1.0s (cache)  elapsed 0s
[screen] 183/326 LTe49        n=  27 GF=0.0  1.4s (cache)  elapsed 0s
[screen] 184/326 LTe50        n=   4 GF=0.0  1.2s (cache)  elapsed 0s
[screen] 185/326 LTe51        n=   2 GF=0.0  1.4s (cache)  elapsed 0s
[screen] 186/326 LTe53        n=   2 GF=0.0  1.0s (cache)  elapsed 0s
[screen] 187/326 LTe54        n=   4 GF=8.0  1.3s (cache)  elapsed 0s
[screen] 188/326 LTe55        n=   2 GF=2.0  1.1s (cache)  elapsed 0s
[screen] 189/326 LTe56        n=   2 GF=0.0  1.1s (cache)  elapsed 0s
[screen] 190/326 LTe57        n=   2 GF=0.0  1.2s (cache)  elapsed 0s
[screen] 191/326 LTe58        n=  12 GF=14.0  1.2s (cache)  elapsed 0s
[screen] 192/326 LTe59a       n=   2 GF=0.0  1.1s (cache)  elapsed 0s
[screen] 193/326 LTe59b       n=   2 GF=0.0  1.1s (cache)  elapsed 0s
[screen] 194/326 LTe60        n=   2 GF=0.0  1.0s (cache)  elapsed 0s
[screen] 195/326 LTe62        n=   2 GF=0.0  1.0s (cache)  elapsed 0s
[screen] 196/326 LTe63        n=   6 GF=0.0  1.1s (cache)  elapsed 0s
[screen] 197/326 LTe64        n=  16 GF=0.0  1.5s (cache)  elapsed 0s
[screen] 198/326 LTe65        n=   7 GF=0.0  1.5s (cache)  elapsed 0s
[screen] 199/326 LTe66        n=   7 GF=0.0  1.2s (cache)  elapsed 0s
[screen] 200/326 LTe67        n=   4 GF=0.0  1.1s (cache)  elapsed 0s
[screen] 201/326 LTe68a       n=   4 GF=0.0  1.1s (cache)  elapsed 0s
[screen] 202/326 LTe68b       n=   6 GF=0.0  1.1s (cache)  elapsed 0s
[screen] 203/326 LTe69        n=   2 GF=0.5  1.1s (cache)  elapsed 0s
[screen] 204/326 LTe70        n=   2 GF=0.0  1.1s (cache)  elapsed 0s
[screen] 205/326 LTe71        n=   2 GF=0.0  1.1s (cache)  elapsed 0s
[screen] 206/326 LTe72        n=   2 GF=0.0  1.2s (cache)  elapsed 0s
[screen] 207/326 LTe73        n=   2 GF=0.0  1.1s (cache)  elapsed 0s
[screen] 208/326 LTe74        n=   2 GF=0.0  1.0s (cache)  elapsed 0s
[screen] 209/326 LTe75        n=   2 GF=0.0  1.0s (cache)  elapsed 0s
[screen] 210/326 LTe76        n=   2 GF=0.0  1.0s (cache)  elapsed 0s
[screen] 211/326 MC65         n=   6 GF=0.0  1.1s (cache)  elapsed 0s
[screen] 212/326 MTe01a       n=  87 GF=0.0  1.4s (cache)  elapsed 0s
[screen] 213/326 MTe01b       n=  48 GF=0.0  2.4s (cache)  elapsed 0s
[screen] 214/326 MTe01c       n=   4 GF=0.0  1.2s (cache)  elapsed 0s
[screen] 215/326 MTe02        n=  75 GF=0.0  1.4s (cache)  elapsed 0s
[screen] 216/326 MTe03        n=  47 GF=0.0  1.4s (cache)  elapsed 0s
[screen] 217/326 MTe04        n=  30 GF=0.0  1.3s (cache)  elapsed 0s
[screen] 218/326 MTe05        n=  25 GF=0.0  1.3s (cache)  elapsed 0s
[screen] 219/326 MTe06        n=  18 GF=0.0  1.3s (cache)  elapsed 0s
[screen] 220/326 MTe07        n=  15 GF=0.0  1.3s (cache)  elapsed 0s
[screen] 221/326 MTe08        n=  12 GF=0.0  1.1s (cache)  elapsed 0s
[screen] 222/326 MTe09        n=  10 GF=0.0  1.0s (cache)  elapsed 0s
[screen] 223/326 MTe10        n=   8 GF=0.0  1.0s (cache)  elapsed 0s
[screen] 224/326 MTe11        n=   6 GF=0.0  1.1s (cache)  elapsed 0s
[screen] 225/326 MTe12        n=   6 GF=0.0  1.2s (cache)  elapsed 0s
[screen] 226/326 MTe13        n=   5 GF=0.0  1.0s (cache)  elapsed 0s
[screen] 227/326 MTe14        n=   4 GF=0.0  1.0s (cache)  elapsed 0s
[screen] 228/326 MTe15        n=   4 GF=0.0  1.2s (cache)  elapsed 0s
[screen] 229/326 MTe16        n=   4 GF=0.0  1.0s (cache)  elapsed 0s
[screen] 230/326 MTe17a       n=   2 GF=0.0  1.0s (cache)  elapsed 0s
[screen] 231/326 MTe17b       n=   2 GF=0.0  1.0s (cache)  elapsed 0s
[screen] 232/326 MTe18        n=   3 GF=0.0  0.9s (cache)  elapsed 0s
[screen] 233/326 MTe19        n=   2 GF=0.0  0.9s (cache)  elapsed 0s
[screen] 234/326 MTe20        n=   2 GF=0.0  0.9s (cache)  elapsed 0s
[screen] 235/326 MTe21        n=   2 GF=0.0  1.0s (cache)  elapsed 0s
[screen] 236/326 MTe22        n=   2 GF=0.0  1.1s (cache)  elapsed 0s
[screen] 237/326 MTe23        n=   2 GF=0.0  1.0s (cache)  elapsed 0s
[screen] 238/326 MTe24        n=   2 GF=0.0  1.0s (cache)  elapsed 0s
[screen] 239/326 MTe25        n=   2 GF=0.0  1.0s (cache)  elapsed 0s
[screen] 240/326 MTe26        n=   2 GF=0.0  1.2s (cache)  elapsed 0s
[screen] 241/326 MTe27        n=   2 GF=2.5  1.2s (cache)  elapsed 0s
[screen] 242/326 MTe28        n=   2 GF=0.0  1.1s (cache)  elapsed 0s
[screen] 243/326 MTe29        n=   2 GF=0.0  0.9s (cache)  elapsed 0s
[screen] 244/326 MTe30        n=   2 GF=0.0  1.1s (cache)  elapsed 0s
[screen] 245/326 MTe31        n=   2 GF=0.0  0.9s (cache)  elapsed 0s
[screen] 246/326 MTe32        n=   2 GF=0.0  1.0s (cache)  elapsed 0s
[screen] 247/326 MTe33        n=   2 GF=3.5  1.2s (cache)  elapsed 0s
[screen] 248/326 MTe34        n=   2 GF=0.0  1.0s (cache)  elapsed 0s
[screen] 249/326 MTe35        n=   2 GF=17.5  1.1s (cache)  elapsed 0s
[screen] 250/326 MTe36        n=   2 GF=0.0  1.0s (cache)  elapsed 0s
[screen] 251/326 MTe37        n=   2 GF=0.0  1.1s (cache)  elapsed 0s
[screen] 252/326 MTe38        n=   2 GF=0.0  1.0s (cache)  elapsed 0s
[screen] 253/326 MTe39        n=   2 GF=0.0  0.9s (cache)  elapsed 0s
[screen] 254/326 MTe40        n=   2 GF=0.0  1.0s (cache)  elapsed 0s
[screen] 255/326 MTe41        n=   2 GF=0.0  1.0s (cache)  elapsed 0s
[screen] 256/326 MTe42        n=   2 GF=0.0  1.0s (cache)  elapsed 0s
[screen] 257/326 MTe43        n=   2 GF=0.0  1.0s (cache)  elapsed 0s
[screen] 258/326 MTe44        n=   2 GF=0.0  1.2s (cache)  elapsed 0s
[screen] 259/326 MTe45        n=   2 GF=0.0  1.1s (cache)  elapsed 0s
[screen] 260/326 MTe46        n=   3 GF=0.0  1.2s (cache)  elapsed 0s
[screen] 261/326 MTe47        n=   4 GF=0.0  0.9s (cache)  elapsed 0s
[screen] 262/326 MTe48        n=   2 GF=0.0  0.9s (cache)  elapsed 0s
[screen] 263/326 MTe49        n=   2 GF=0.0  1.0s (cache)  elapsed 0s
[screen] 264/326 MTe50        n=  54 GF=0.0  1.6s (cache)  elapsed 0s
[screen] 265/326 MTe51        n=  99 GF=0.0  1.8s (cache)  elapsed 0s
[screen] 266/326 MTe52        n=  42 GF=0.0  1.9s (cache)  elapsed 0s
[screen] 267/326 MTe53        n=  15 GF=0.0  1.2s (cache)  elapsed 0s
[screen] 268/326 MTe54        n=  56 GF=0.0  1.4s (cache)  elapsed 0s
[screen] 269/326 MeLp1        n=   2 GF=0.0  1.4s (cache)  elapsed 0s
[screen] 270/326 MeMe_e03     n=   2 GF=0.0  0.9s (cache)  elapsed 0s
[screen] 271/326 MeMe_e04     n=   4 GF=0.0  1.0s (cache)  elapsed 0s
[screen] 272/326 MeMe_e05     n=   2 GF=0.0  0.9s (cache)  elapsed 0s
[screen] 273/326 MeMe_e06     n=   2 GF=0.0  0.9s (cache)  elapsed 0s
[screen] 274/326 MeMe_e07     n=  10 GF=0.0  1.1s (cache)  elapsed 0s
[screen] 275/326 MeMe_e08     n=  12 GF=0.0  1.1s (cache)  elapsed 0s
[screen] 276/326 MeTu1        n= 244 GF=0.0  1.8s (cache)  elapsed 0s
[screen] 277/326 MeTu2a       n=  70 GF=0.0  1.5s (cache)  elapsed 0s
[screen] 278/326 MeTu2b       n=  31 GF=0.0  1.2s (cache)  elapsed 0s
[screen] 279/326 MeTu3a       n=  40 GF=0.0  1.5s (cache)  elapsed 0s
[screen] 280/326 MeTu3b       n=  85 GF=0.0  1.5s (cache)  elapsed 0s
[screen] 281/326 MeTu3c       n= 152 GF=0.0  1.7s (cache)  elapsed 0s
[screen] 282/326 MeTu4a       n= 131 GF=0.0  1.5s (cache)  elapsed 0s
[screen] 283/326 MeTu4b       n=  21 GF=0.0  1.3s (cache)  elapsed 0s
[screen] 284/326 MeTu4c       n=  93 GF=0.0  1.7s (cache)  elapsed 0s
[screen] 285/326 MeTu4d       n=  37 GF=0.0  1.4s (cache)  elapsed 0s
[screen] 286/326 Nod1         n=   4 GF=0.0  1.3s (cache)  elapsed 0s
[screen] 287/326 Nod2         n=   2 GF=0.0  1.0s (cache)  elapsed 0s
[screen] 288/326 Nod3         n=   2 GF=0.0  1.2s (cache)  elapsed 0s
[screen] 289/326 Nod5         n=   2 GF=0.0  1.5s (cache)  elapsed 0s
[screen] 290/326 OCG01a       n=   2 GF=0.0  1.0s (cache)  elapsed 0s
[screen] 291/326 OCG01b       n=   2 GF=0.0  1.0s (cache)  elapsed 0s
[screen] 292/326 OCG01c       n=   2 GF=0.0  0.9s (cache)  elapsed 0s
[screen] 293/326 OCG01d       n=   2 GF=0.0  1.1s (cache)  elapsed 0s
[screen] 294/326 OCG01e       n=   2 GF=0.0  1.0s (cache)  elapsed 0s
[screen] 295/326 OCG01f       n=   2 GF=0.0  0.9s (cache)  elapsed 0s
[screen] 296/326 OCG02a       n=   2 GF=0.0  0.9s (cache)  elapsed 0s
[screen] 297/326 OCG02b       n=   2 GF=0.0  0.9s (cache)  elapsed 0s
[screen] 298/326 OCG02c       n=   4 GF=0.0  0.9s (cache)  elapsed 0s
[screen] 299/326 TmY14        n= 370 GF=0.0  1.5s (cache)  elapsed 0s
[screen] 300/326 VS1          n=   2 GF=0.0  0.9s (cache)  elapsed 0s
[screen] 301/326 VS2          n=   2 GF=0.0  0.9s (cache)  elapsed 0s
[screen] 302/326 VS3          n=   2 GF=0.0  0.9s (cache)  elapsed 0s
[screen] 303/326 VS4          n=   2 GF=0.0  0.9s (cache)  elapsed 0s
[screen] 304/326 VS5          n=   2 GF=0.0  0.8s (cache)  elapsed 0s
[screen] 305/326 VS6          n=   2 GF=0.0  0.8s (cache)  elapsed 0s
[screen] 306/326 VS7          n=   2 GF=0.0  0.9s (cache)  elapsed 0s
[screen] 307/326 VS8          n=   2 GF=0.0  0.8s (cache)  elapsed 0s
[screen] 308/326 VST1         n=   4 GF=0.0  0.9s (cache)  elapsed 0s
[screen] 309/326 VST2         n=   8 GF=0.0  1.2s (cache)  elapsed 0s
[screen] 310/326 VSm          n=   4 GF=0.0  1.0s (cache)  elapsed 0s
[screen] 311/326 aMe1         n=   4 GF=0.0  0.8s (cache)  elapsed 0s
[screen] 312/326 aMe10        n=   3 GF=0.0  0.9s (cache)  elapsed 0s
[screen] 313/326 aMe12        n=   7 GF=0.0  1.0s (cache)  elapsed 0s
[screen] 314/326 aMe19a       n=   2 GF=0.0  0.8s (cache)  elapsed 0s
[screen] 315/326 aMe19b       n=   2 GF=0.0  0.8s (cache)  elapsed 0s
[screen] 316/326 aMe20        n=   2 GF=0.0  1.0s (cache)  elapsed 0s
[screen] 317/326 aMe25        n=   2 GF=0.0  0.9s (cache)  elapsed 0s
[screen] 318/326 aMe26        n=   6 GF=0.0  1.1s (cache)  elapsed 0s
[screen] 319/326 aMe3         n=   2 GF=0.0  1.0s (cache)  elapsed 0s
[screen] 320/326 aMe5         n=  55 GF=9.0  1.4s (cache)  elapsed 0s
[screen] 321/326 aMe6a        n=   2 GF=0.0  0.9s (cache)  elapsed 0s
[screen] 322/326 aMe8         n=   4 GF=0.0  1.0s (cache)  elapsed 0s
[screen] 323/326 aMe9         n=   4 GF=0.0  1.1s (cache)  elapsed 0s
[screen] 324/326 s-LNv_a      n=   2 GF=0.0  0.9s (cache)  elapsed 0s
[screen] 325/326 s-LNv_b      n=   8 GF=0.0  0.9s (cache)  elapsed 0s
[screen] 326/326 vCal1        n=   2 GF=0.0  0.9s (cache)  elapsed 0s

=== screen_gf  target=GF  candidates=326  hits=17 ===
GF: among 326 candidate types (17 in-silico hits at >= 5 Hz), connectome-guided ranking finds the first hit after 1.0 experiments vs 18.2 expected for random order (18.17x; other >=2-hop score variants 18.17-18.17x; naive 'largest type first' order: 3.0) and all hits after 317.0 vs 308.8 (0.97x; other >=2-hop variants 1.02-1.1x); exhaustive = 326 experiments. With a budget of 20 experiments (6% of the screen) the guided order finds 14/17 hits vs 1.0 expected for random order. Second-seed replicate: 16/17 hits replicate; all robust hits found after 295.0 vs 307.8 random (1.04x).
Literature check: the guided order reaches the first literature-known driver of GF (LPLC2, connectome rank 2; set: LPLC2, LC4) after 2.0 experiments vs 109.0 expected random (54.5x; direct-synapse-only ranking: 1.0); in-silico recall of literature hits 2/2.
  literature LPLC2    rate=159.0 Hz hit=True connectome_rank=2
  literature LC4      rate=110.5 Hz hit=True connectome_rank=4
  wall/experiment 1.241 s, exhaustive 404.5 s
  top 10 by connectome: [('LC6', 159.0), ('LPLC2', 159.0), ('LC15', 99.5), ('LC4', 110.5), ('LC31a', 61.0), ('LT1b', 24.0), ('aMe5', 9.0), ('LTe58', 14.0), ('LC17', 130.0), ('MTe35', 17.5)]
  variant fraction_1hop   in-silico: first 1.0 all 304.6 red 18.17/1.01 AP 0.26 | literature: first 1.0 red 109.0 ranks {'LPLC2': 1, 'LC4': 2}
  variant fraction_2hop   in-silico: first 1.0 all 297.0 red 18.17/1.04 AP 0.55 | literature: first 1.0 red 109.0 ranks {'LPLC2': 1, 'LC4': 2}
  variant fraction_3hop   in-silico: first 1.0 all 281.0 red 18.17/1.1 AP 0.64 | literature: first 1.0 red 109.0 ranks {'LPLC2': 1, 'LC4': 2}
  variant meanfield_1hop  in-silico: first 1.0 all 304.6 red 18.17/1.01 AP 0.26 | literature: first 1.0 red 109.0 ranks {'LPLC2': 1, 'LC4': 2}
  variant meanfield_2hop  in-silico: first 1.0 all 303.0 red 18.17/1.02 AP 0.60 | literature: first 1.0 red 109.0 ranks {'LPLC2': 1, 'LC4': 3}
  variant meanfield_3hop  in-silico: first 1.0 all 317.0 red 18.17/0.97 AP 0.81 | literature: first 2.0 red 54.5 ranks {'LPLC2': 2, 'LC4': 4}
  sensitivity (threshold): {'1Hz': (27, 11.68, 0.97), '5Hz': (17, 18.17, 0.97), '10Hz': (13, 23.36, 1.03), '20Hz': (9, 32.7, 22.64), '50Hz': (7, 40.88, 22.01)}
  baseline largest-type-first: first 3.0 all 303.2857142857143 -> guided is 3.0x / 0.96x faster than this baseline
  seed replicate: 16/17 hits replicate; unstable ['LT79', 'MTe27']; robust-hit search {'n_hits': 16, 'guided_first': 1.0, 'guided_all': 295.0, 'random_first_expected': 19.235294117647058, 'random_all_expected': 307.7647058823529, 'reduction_first': 19.24, 'reduction_all': 1.04, 'average_precision': 0.853054748923393, 'recall_at_10': 0.625}
